---
source: src/types/mod.rs
expression: "format!(\"{}\\n=========\\n{}\", nix_code, description)"
---
[]
=========
list(unknown)
