---
source: src/scope/mod.rs
expression: errors
---
[
    Scope(
        AlreadyDefined(
            RecursiveAttrSet,
            "b",
            [58; 59),
            [37; 40),
        ),
    ),
]
