---
source: src/scope/mod.rs
expression: scope_tree
---
InverseScopeTree {
    leaf_scopes: [
        ScopePath(
            [
                Scope {
                    kind: LetIn,
                    defines: {
                        "a": Definition {
                            id: 0,
                            name: "a",
                            text_range: [4; 5),
                        },
                        "b": Definition {
                            id: 1,
                            name: "b",
                            text_range: [25; 26),
                        },
                    },
                    text_range: [0; 38),
                },
            ],
        ),
    ],
}
