---
source: src/scope/mod.rs
expression: scope_tree
---
InverseScopeTree {
    leaf_scopes: [
        ScopePath(
            [
                Scope {
                    kind: Lambda,
                    defines: {
                        "b": Definition {
                            id: 1,
                            name: "b",
                            text_range: [3; 4),
                        },
                    },
                    text_range: [3; 11),
                },
                Scope {
                    kind: Lambda,
                    defines: {
                        "a": Definition {
                            id: 0,
                            name: "a",
                            text_range: [0; 1),
                        },
                    },
                    text_range: [0; 11),
                },
            ],
        ),
        ScopePath(
            [
                Scope {
                    kind: Lambda,
                    defines: {
                        "a": Definition {
                            id: 0,
                            name: "a",
                            text_range: [0; 1),
                        },
                    },
                    text_range: [0; 11),
                },
            ],
        ),
    ],
}
