---
source: src/scope/mod.rs
expression: errors
---
[
    Scope(
        AlreadyDefined(
            Lambda,
            "a",
            [4; 5),
            [1; 2),
        ),
    ),
]
