---
source: src/scope/mod.rs
expression: errors
---
[
    Scope(
        AlreadyDefined(
            LetIn,
            "a.b",
            [13; 16),
            [6; 7),
        ),
    ),
]
