---
source: src/scope/mod.rs
expression: "format!(\"{}\\n=========\\n{:#?}\", nix_code, errors)"

---
let a."b" = 1; "a".b = 1; in a
=========
[
    Scope(
        AlreadyDefined(
            LetIn,
            "a.b",
            15..20,
            6..9,
        ),
    ),
]
