---
source: src/scope/mod.rs
expression: errors
---
[
    Scope(
        AlreadyDefined(
            LetIn,
            "a.b",
            [15; 20),
            [6; 9),
        ),
    ),
]
