---
source: src/scope/mod.rs
expression: errors
---
[
    Scope(
        AlreadyDefined(
            LetIn,
            "a",
            [11; 14),
            [4; 5),
        ),
    ),
]
