---
source: src/references/mod.rs
expression: references.1
---
[
    NotFoundInScope(
        Identifier {
            id: Id {
                idx: 1,
            },
            name: "b",
            text_range: [3; 4),
        },
    ),
]
