---
source: src/scope.rs
expression: scopes.0
---
[
    Scope {
        kind: RecursiveAttrSet,
        defines: {
            "a": Definition {
                id: 0,
                name: "a",
                text_range: [18; 19),
            },
            "b": Definition {
                id: 1,
                name: "b",
                text_range: [37; 38),
            },
            "c": Definition {
                id: 2,
                name: "c",
                text_range: [56; 57),
            },
        },
        text_range: [0; 72),
    },
]
