---
source: src/scope.rs
expression: scopes.1
---
[
    AlreadyDefined(
        RecursiveAttrSet,
        "b",
        [56; 57),
        [37; 38),
    ),
]
