---
source: src/scope.rs
expression: scopes.1
---
[
    AlreadyDefined(
        LetIn,
        "a",
        [11; 12),
        [4; 5),
    ),
]
