---
source: src/scope.rs
expression: scopes
---
[]
