---
source: src/scope.rs
expression: scopes.0
---
[
    Scope {
        kind: Lambda,
        defines: {
            "a": Definition {
                id: 0,
                name: "a",
                text_range: [1; 2),
            },
            "b": Definition {
                id: 1,
                name: "b",
                text_range: [15; 16),
            },
        },
        text_range: [0; 86),
    },
    Scope {
        kind: With,
        defines: {},
        text_range: [30; 86),
    },
    Scope {
        kind: LetIn,
        defines: {
            "c": Definition {
                id: 2,
                name: "c",
                text_range: [56; 57),
            },
        },
        text_range: [52; 86),
    },
]
