---
source: src/scope.rs
expression: scopes.1
---
[
    AlreadyDefined(
        LetIn,
        "a.b.c",
        [13; 18),
        [4; 7),
    ),
]
