---
source: src/scope.rs
expression: scopes.1
---
[
    AlreadyDefined(
        LetIn,
        "a.b",
        [13; 16),
        [4; 7),
    ),
]
